HI-TECH Software C Compiler 

Linker command line:

--edf=C:\Program Files (x86)\HI-TECH Software\PICC\9.80\dat\en_msgs.txt -cs \
  -h+ultrasonic.sym -z -Q16F877A -ol.obj -Multrasonic.map -E1 \
  -ACONST=00h-0FFhx32 -ACODE=00h-07FFhx4 -ASTRCODE=00h-01FFFh \
  -AENTRY=00h-0FFhx32 -ASTRING=00h-0FFhx32 -ABANK0=020h-06Fh \
  -ABANK1=0A0h-0EFh -ABANK2=0110h-016Fh -ABANK3=0190h-01EFh \
  -ARAM=020h-06Fh,0A0h-0EFh,0110h-016Fh,0190h-01EFh \
  -AABS1=020h-07Fh,0A0h-0EFh,0110h-016Fh,0190h-01EFh -ACOMMON=070h-07Fh \
  -ASFR0=00h-01Fh -ASFR1=080h-09Fh -ASFR2=0100h-010Fh -ASFR3=0180h-018Fh \
  -preset_vec=00h,intentry,init,end_init -ppowerup=CODE -pfunctab=CODE \
  -ACONFIG=02007h-02007h -pconfig=CONFIG -DCONFIG=2 -AIDLOC=02000h-02003h \
  -pidloc=IDLOC -DIDLOC=2 -AEEDATA=00h-0FFh/02100h -peeprom_data=EEDATA \
  -DEEDATA=2 -DCODE=2 -DSTRCODE=2 -DSTRING=2 -DCONST=2 -DENTRY=2 -k \
  startup.obj ultrasonic.obj 

Object code version is 3.10

Machine type is 16F877A



                Name                               Link     Load   Length Selector   Space Scale
startup.obj     end_init                              0        0        3        0       0
ultrasonic.obj  config                             2007     2007        1     400E       0
                text253                             532      532       7B      A64       0
                text252                             4C6      4C6       6C      98C       0
                text251                             475      475       22      8EA       0
                text250                             457      457       1E      8AE       0
                text249                             497      497       2F      92E       0
                text248                             64E      64E       C6      C9C       0
                text247                             714      714       EC      E28       0
                text246                             43C      43C       1B      878       0
                text245                             431      431        B      862       0
                maintext                            5AD      5AD       A1      B5A       0
                cstackBANK0                          20       20        D       20       1
                cstackCOMMON                         70       70        E       70       1
                bssBANK0                             2D       2D        3       20       1
                cinit                               42A      42A        7      854       0

TOTAL           Name                               Link     Load   Length     Space
        CLASS   CONST          

        CLASS   CODE           
                end_init                              0        0        3         0
                text253                             532      532       7B         0
                text252                             4C6      4C6       6C         0
                text251                             475      475       22         0
                text250                             457      457       1E         0
                text249                             497      497       2F         0
                text248                             64E      64E       C6         0
                text247                             714      714       EC         0
                text246                             43C      43C       1B         0
                text245                             431      431        B         0
                maintext                            5AD      5AD       A1         0
                cinit                               42A      42A        7         0

        CLASS   STRCODE        

        CLASS   ENTRY          

        CLASS   STRING         

        CLASS   BANK0          
                cstackBANK0                          20       20        D         1
                bssBANK0                             2D       2D        3         1

        CLASS   BANK1          

        CLASS   BANK2          

        CLASS   BANK3          

        CLASS   RAM            

        CLASS   ABS1           
                abs_s1                               7E       7E        2         1

        CLASS   COMMON         
                cstackCOMMON                         70       70        E         1

        CLASS   SFR0           

        CLASS   SFR1           

        CLASS   SFR2           

        CLASS   SFR3           

        CLASS   CONFIG         
                config                             2007     2007        1         0

        CLASS   IDLOC          

        CLASS   EEDATA         



SEGMENTS        Name                           Load    Length   Top    Selector   Space  Class     Delta

                reset_vec                      000000  000003  000003         0       0  CODE        2
                cstackBANK0                    000020  000010  000030        20       1  BANK0       1
                cstackCOMMON                   000070  00000E  00007E        70       1  COMMON      1
                cinit                          00042A  000007  000431       854       0  CODE        2
                text245                        000431  00000B  00043C       862       0  CODE        2
                text246                        00043C  00001B  000457       878       0  CODE        2
                text250                        000457  00001E  000475       8AE       0  CODE        2
                text251                        000475  000022  000497       8EA       0  CODE        2
                text249                        000497  00002F  0004C6       92E       0  CODE        2
                text252                        0004C6  00006C  000532       98C       0  CODE        2
                text253                        000532  00007B  0005AD       A64       0  CODE        2
                maintext                       0005AD  0000A1  00064E       B5A       0  CODE        2
                text248                        00064E  0000C6  000714       C9C       0  CODE        2
                text247                        000714  0000EC  000800       E28       0  CODE        2
                config                         002007  000001  002008      400E       0  CONFIG      2


UNUSED ADDRESS RANGES

        Name                Unused          Largest block    Delta
        BANK0            0030-006F             40           1
        BANK1            00A0-00EF             50           1
        BANK2            0110-016F             60           1
        BANK3            0190-01EF             60           1
        CODE             0003-0429            427           2
                         0800-1FFF            800
        CONST            0003-0429            100           2
                         0800-1FFF            100
        EEDATA           2100-21FF            100           2
        ENTRY            0003-0429            100           2
                         0800-1FFF            100
        IDLOC            2000-2003              4           2
        RAM              0030-006F             40           1
                         00A0-00EF             50
                         0110-016F             60
                         0190-01EF             60
        SFR0             0000-001F             20           1
        SFR1             0080-009F             20           1
        SFR2             0100-010F             10           1
        SFR3             0180-018F             10           1
        STRCODE          0003-0429            427           2
                         0800-1FFF           1800
        STRING           0003-0429            100           2
                         0800-1FFF            100

                                  Symbol Table

??_DelayMs             cstackCOMMON 0070
??___ftdiv             cstackBANK0  0020
??___ftge              cstackCOMMON 0076
??___ftmul             cstackBANK0  0020
??___ftpack            cstackCOMMON 0075
??___lwtoft            cstackCOMMON 007B
??_adc_init            cstackCOMMON 0074
??_adc_read            cstackCOMMON 0070
??_adc_res             cstackCOMMON 0072
??_main                cstackBANK0  002A
?_DelayMs              cstackCOMMON 0070
?___ftdiv              cstackCOMMON 0078
?___ftge               cstackCOMMON 0070
?___ftmul              cstackCOMMON 0078
?___ftpack             cstackCOMMON 0070
?___lwtoft             cstackCOMMON 0078
?_adc_init             cstackCOMMON 0070
?_adc_read             cstackCOMMON 0070
?_adc_res              cstackCOMMON 0070
?_main                 cstackCOMMON 0070
DelayMs@_dcnt          cstackCOMMON 0073
DelayMs@cnt            cstackCOMMON 0071
DelayMs@i              cstackCOMMON 0072
_ADCON0                (abs)        001F
_ADCON1                (abs)        009F
_ADGO                  (abs)        00FA
_ADRESH                (abs)        001E
_ADRESL                (abs)        009E
_DelayMs               text251      0475
_RB0                   (abs)        0030
_RB1                   (abs)        0031
_RB2                   (abs)        0032
_TRISB0                (abs)        0430
_TRISB1                (abs)        0431
_TRISB2                (abs)        0432
__Habs1                abs1         0000
__Hbank0               bank0        0000
__Hbank1               bank1        0000
__Hbank2               bank2        0000
__Hbank3               bank3        0000
__HbssBANK0            bssBANK0     0000
__Hcinit               cinit        0000
__Hclrtext             clrtext      0000
__Hcode                code         0000
__Hcommon              common       0000
__Hconfig              config       2008
__HcstackBANK0         cstackBANK0  0000
__HcstackCOMMON        cstackCOMMON 0000
__Heeprom_data         eeprom_data  0000
__Hend_init            end_init     0003
__Hfunctab             functab      0000
__Hidloc               idloc        0000
__Hinit                init         0000
__Hintentry            intentry     0000
__Hmaintext            maintext     0000
__Hpowerup             powerup      0000
__Hram                 ram          0000
__Hreset_vec           reset_vec    0000
__Hsfr0                sfr0         0000
__Hsfr1                sfr1         0000
__Hsfr2                sfr2         0000
__Hsfr3                sfr3         0000
__Hstrings             strings      0000
__Htext                text         0000
__Labs1                abs1         0000
__Lbank0               bank0        0000
__Lbank1               bank1        0000
__Lbank2               bank2        0000
__Lbank3               bank3        0000
__LbssBANK0            bssBANK0     0000
__Lcinit               cinit        0000
__Lclrtext             clrtext      0000
__Lcode                code         0000
__Lcommon              common       0000
__Lconfig              config       2007
__LcstackBANK0         cstackBANK0  0000
__LcstackCOMMON        cstackCOMMON 0000
__Leeprom_data         eeprom_data  0000
__Lend_init            end_init     0000
__Lfunctab             functab      0000
__Lidloc               idloc        0000
__Linit                init         0000
__Lintentry            intentry     0000
__Lmaintext            maintext     0000
__Lpowerup             powerup      0000
__Lram                 ram          0000
__Lreset_vec           reset_vec    0000
__Lsfr0                sfr0         0000
__Lsfr1                sfr1         0000
__Lsfr2                sfr2         0000
__Lsfr3                sfr3         0000
__Lstrings             strings      0000
__Ltext                text         0000
__S0                   (abs)        2008
__S1                   (abs)        007E
__S2                   (abs)        0000
___ftdiv               text248      064E
___ftdiv@cntr          cstackBANK0  0024
___ftdiv@exp           cstackBANK0  0028
___ftdiv@f1            cstackCOMMON 007B
___ftdiv@f2            cstackCOMMON 0078
___ftdiv@f3            cstackBANK0  0025
___ftdiv@sign          cstackBANK0  0029
___ftge                text252      04C6
___ftge@ff1            cstackCOMMON 0070
___ftge@ff2            cstackCOMMON 0073
___ftmul               text247      0714
___ftmul@cntr          cstackBANK0  0028
___ftmul@exp           cstackBANK0  0024
___ftmul@f1            cstackCOMMON 0078
___ftmul@f2            cstackCOMMON 007B
___ftmul@f3_as_product cstackBANK0  0025
___ftmul@sign          cstackBANK0  0029
___ftpack              text253      0532
___ftpack@arg          cstackCOMMON 0070
___ftpack@exp          cstackCOMMON 0073
___ftpack@sign         cstackCOMMON 0074
___lwtoft              text246      043C
___lwtoft@c            cstackCOMMON 0078
__end_of_DelayMs       text251      0497
__end_of___ftdiv       text248      0714
__end_of___ftge        text252      0532
__end_of___ftmul       text247      0800
__end_of___ftpack      text253      05AD
__end_of___lwtoft      text246      0457
__end_of_adc_init      text245      043C
__end_of_adc_read      text250      0475
__end_of_adc_res       text249      04C6
__end_of_main          maintext     064E
__pbssBANK0            bssBANK0     002D
__pcstackBANK0         cstackBANK0  0020
__pcstackCOMMON        cstackCOMMON 0070
__pmaintext            maintext     05AD
__ptext244             text244      0000
__ptext245             text245      0431
__ptext246             text246      043C
__ptext247             text247      0714
__ptext248             text248      064E
__ptext249             text249      0497
__ptext250             text250      0457
__ptext251             text251      0475
__ptext252             text252      04C6
__ptext253             text253      0532
__ptext254             text254      0000
__size_of_DelayMs      (abs)        0000
__size_of___ftdiv      (abs)        0000
__size_of___ftge       (abs)        0000
__size_of___ftmul      (abs)        0000
__size_of___ftpack     (abs)        0000
__size_of___lwtoft     (abs)        0000
__size_of_adc_init     (abs)        0000
__size_of_adc_read     (abs)        0000
__size_of_adc_res      (abs)        0000
__size_of_main         (abs)        0000
_adc_init              text245      0431
_adc_read              text250      0457
_adc_res               text249      0497
_d                     bssBANK0     002D
_exit                  init         0000
_main                  maintext     05AD
adc_read@_dcnt         cstackCOMMON 0072
adc_read@ch            cstackCOMMON 0071
adc_res@_dcnt          cstackCOMMON 0074
btemp                  (abs)        007E
end_of_initialization  cinit        042D
intlevel0              functab      0000
intlevel1              functab      0000
intlevel2              functab      0000
intlevel3              functab      0000
intlevel4              functab      0000
intlevel5              functab      0000
reset_vec              reset_vec    0000
start                  init         0000
start_initialization   cinit        042A
wtemp0                 (abs)        007E
